components/layout/navigation.tsx(384,17): error TS2304: Cannot find name 'Github'.
components/layout/navigation.tsx(385,17): error TS2304: Cannot find name 'Twitter'.
components/layout/navigation.tsx(386,17): error TS2304: Cannot find name 'Linkedin'.
components/layout/navigation.tsx(387,17): error TS2304: Cannot find name 'Mail'.
